
	Starting Tests
random seeds: 233790209, 9886368758127537
current path:
****/usr/local/share/lua/5.5/?.lua;/usr/local/share/lua/5.5/?/init.lua;/usr/share/lua/5.5/?.lua;/usr/share/lua/5.5/?/init.lua;/usr/local/lib/lua/5.5/?.lua;/usr/local/lib/lua/5.5/?/init.lua;/usr/lib/lua/5.5/?.lua;/usr/lib/lua/5.5/?/init.lua;./?.lua;./?/init.lua****

    ---- total memory: 46.0K, max memory: 46.0K ----

time: 1.3e-05 (+1.3e-05)

***** FILE 'main.lua'*****
.
***** FILE 'gc.lua'*****
testing incremental garbage collection
...............steps
creating many objects
.................................................................functions with errors
.long strings
...........................clearing tables
................weak tables
................................+
........self-referenced threads
........OK
    ---- total memory: 1.4M, max memory: 1.4M ----

time: 0.070303 (+0.07029)

***** FILE 'db.lua'*****
testing debug library and debug information
..........................................................................................................................................................................................................................................................................+
....................................................................................................................................................testing inspection of parameters/returned values
+
+
testing traceback sizes
testing debug functions on chunk without debug info
OK
    ---- total memory: 153.4K, max memory: 1.4M ----

time: 0.079607 (+0.009304)

***** FILE 'calls.lua'*****
testing functions and calls
+
+
testing tail calls
.....+
testing chains of '__call'
+
..........................................................................................................................................................................................................................................................................................................................................................................................................................................................................................................................................................................................................................................................................................................................testing binary chunks
OK
testing strings and string library
.testing 'format %a %A'
OK
testing scanner
+
+
+
+
+
.OK
    ---- total memory: 272.9K, max memory: 1.4M ----

time: 0.109405 (+0.029798)

***** FILE 'tpack.lua'*****
testing pack/unpack
platform:
	short 2, int 4, long 8, size_t 8, float 4, double 8,
	lua Integer 8, lua Number 8
	little endian
	alignment: 16
testing invalid formats
testing pack/unpack of floating-point numbers
testing pack/unpack of strings
testing alignment
OK
    ---- total memory: 286.1K, max memory: 1.4M ----

time: 0.109805 (+0.0004)

***** FILE 'attrib.lua'*****
testing require
package config: /|;|?|!|-|
testing 'require' message
+
testing assignments, logical operators, and constructors
+
OK
    ---- total memory: 458.6K, max memory: 1.4M ----

time: 0.110474 (+0.000669)

***** FILE 'gengc.lua'*****
testing generational garbage collection
....+
..OK
    ---- total memory: 81.6K, max memory: 1.4M ----

time: 0.110661 (+0.000187)

***** FILE 'locals.lua'*****
.testing local variables and environments
.+
testing local constants
testing to-be-closed variables
testing errors in __close
...to-be-closed variables in coroutines
.OK
    ---- total memory: 139.2K, max memory: 1.4M ----

time: 0.158038 (+0.047377)

***** FILE 'constructs.lua'*****
testing syntax
+
testing short-circuit optimizations (1)
..+
.OK
    ---- total memory: 785.1K, max memory: 1.4M ----

time: 0.171255 (+0.013217)

***** FILE 'code.lua'*****
    ---- total memory: 773.6K, max memory: 1.4M ----

time: 0.171543 (+0.000288)

***** FILE 'cstack.lua'*****
testing stack overflow detection
testing stack overflow in message handling
.final count: 	250036
testing recursion inside pattern matching
testing stack-overflow in recursive 'gsub'
final count: 	197
testing stack-overflow in recursive 'gsub' with metatables
final count: 	99
testing limits in coroutines inside deep calls
final count: 	196
chain of 'coroutine.close'
final count: 	197
nesting of resuming yielded coroutines
final count: 	195
nesting coroutines running after recoverable errors
final count: 	197
OK
    ---- total memory: 15.8M, max memory: 15.8M ----

time: 0.203248 (+0.031705)

***** FILE 'nextvar.lua'*****
testing tables, next, and for
+
testing length for some random tables (seeds 0Xdef5b01:97c1225ad289ee62)
testing attack on table length
+
............................................+
.....testing next x GC of deleted keys
.......+
testing floats in numeric for
.OK
    ---- total memory: 127.8K, max memory: 15.8M ----

time: 0.241458 (+0.03821)

***** FILE 'pm.lua'*****
testing pattern matching
+
.+
+
+
OK
    ---- total memory: 125.8K, max memory: 15.8M ----

time: 0.242187 (+0.000729)

***** FILE 'utf8.lua'*****
testing UTF-8 library
ok
    ---- total memory: 141.9K, max memory: 15.8M ----

time: 0.242507 (+0.00032)

***** FILE 'api.lua'*****
.    ---- total memory: 302.2K, max memory: 15.8M ----

time: 0.243103 (+0.000596)

***** FILE 'memerr.lua'*****
    ---- total memory: 304.1K, max memory: 15.8M ----

time: 0.243259 (+0.000156)

***** FILE 'events.lua'*****
testing metatables
.....................+
+
OK
    ---- total memory: 112.9K, max memory: 15.8M ----

time: 0.24391 (+0.000651)

***** FILE 'vararg.lua'*****
.testing vararg
+
+
+
OK
    ---- total memory: 248.6K, max memory: 15.8M ----

time: 0.244279 (+0.000369)

***** FILE 'closure.lua'*****
testing closures
...+
OK
    ---- total memory: 209.7K, max memory: 15.8M ----

time: 0.244684 (+0.000405)

***** FILE 'coroutine.lua'*****
testing coroutines
to-be-closed variables in coroutines
testing 'coroutine.close'
coroutines closing itself
..+
testing yields inside metamethods
+
testing yields inside 'for' iterators
OK
    ---- total memory: 769.8K, max memory: 15.8M ----

time: 0.31277 (+0.068086)

***** FILE 'goto.lua'*****
testing goto and global declarations
.  ('global' is not a reserved word)
.testing initialization in global declarations
OK
    ---- total memory: 272.7K, max memory: 15.8M ----

time: 0.314096 (+0.001326)

***** FILE 'errors.lua'*****
.testing errors
..+
.testing tokens in error messages
+
OK
    ---- total memory: 482.1K, max memory: 15.8M ----

time: 0.317165 (+0.003069)

***** FILE 'math.lua'*****
testing numbers and math lib
.  64-bit integers, 53-bit*2^1023 floats
testing order (floats cannot represent all integers)
testing ldexp/frexp
testing -0 and NaN
testing 'math.random'
random seeds: 233790082, -4860102577003928737
float random range in 31800 calls: [0.000010, 0.999992]
integer random range in 38400 calls: [minint + 67ppm, maxint - 1ppm]
testing precision of 'tostring'
  15-digit float numbers with full precision
  18-digit integer numbers with full precision
OK
    ---- total memory: 140.3K, max memory: 15.8M ----

time: 0.33098 (+0.013815)

***** FILE 'sort.lua'*****
testing (parts of) table library
testing 'table.create'
..testing unpack
testing pack
testing sort
sorting 5000 random elements in 0.52 msec.
re-sorting 5000 sorted elements in 0.25 msec.
Invert-sorting other 5000 elements in 1.34 msec., with 64496 comparisons
sorting 5000 equal elements in 0.80 msec.
............OK
    ---- total memory: 169.0K, max memory: 15.8M ----

time: 0.340505 (+0.009525)

***** FILE 'bitwise.lua'*****
testing bitwise operations
+
testing bitwise library
+
+
OK
    ---- total memory: 195.8K, max memory: 15.8M ----

time: 0.340916 (+0.000411)

***** FILE 'verybig.lua'*****
testing RK
.    ---- total memory: 87.8K, max memory: 15.8M ----

time: 0.341016 (+0.0001)

***** FILE 'files.lua'*****
testing i/o
.+
............................................................................................................................+
.+
testing flush
..+
+
..+
testing date/time
test done on 23/09/2026, at 16:56:39
Lua 5.5
(there should be two warnings now)
Lua warning: #This is an expected warning
Lua warning: #This is another one
64-bit integers, 64-bit floats
cleaning all!!!!
......    ---- total memory: 54.1K, max memory: 15.8M ----



total time: 0.35s (wall time: 1s)

final OK !!!
.>>> closing state <<<

